▲ Next.js 16.2.7 (webpack)

  Creating an optimized production build ...
(node:79138) [DEP0205] DeprecationWarning: `module.register()` is deprecated. Use `module.registerHooks()` instead.
(Use `node --trace-deprecation ...` to show where the warning was created)
(node:79145) [DEP0205] DeprecationWarning: `module.register()` is deprecated. Use `module.registerHooks()` instead.
(Use `node --trace-deprecation ...` to show where the warning was created)
✓ Compiled successfully in 5.5s
  Running TypeScript ...
  Finished TypeScript in 54ms ...
  Collecting page data using 10 workers ...
  Generating static pages using 10 workers (0/27) ...
  Generating static pages using 10 workers (6/27) 
  Generating static pages using 10 workers (13/27) 
  Generating static pages using 10 workers (20/27) 
✓ Generating static pages using 10 workers (27/27) in 364ms
  Finalizing page optimization ...
  Collecting build traces ...

Route (app)
┌ ○ /
├ ○ /_not-found
├ ○ /animal-test
├ ƒ /api/participant-purchase
├ ƒ /api/participant-session/claim
├ ○ /attendance-test
├ ○ /daily-quest-test
├ ○ /fence-test
├ ○ /house-decor-test
├ ○ /human-village-test
├ ○ /interior-test
├ ○ /lab-observatory-art-preview
├ ○ /lab-observatory-cohesion-preview
├ ○ /lab-observatory-identity-preview
├ ○ /lab-observatory-pixel-preview
├ ○ /lab-test
├ ○ /lab-whitebox-preview
├ ○ /library-test
├ ○ /music-responsive-test
├ ○ /music-test
├ ○ /music-whitebox-preview
├ ○ /nature-test
├ ○ /nature-village
├ ○ /stage8-e2e-test
├ ○ /urban-art-preview
├ ○ /urban-sprite-test
└ ○ /urban-test


ƒ Proxy (Middleware)

○  (Static)   prerendered as static content
ƒ  (Dynamic)  server-rendered on demand

